Starting a Gradle Daemon, 10 busy and 114 incompatible Daemons could not be reused, use --status for details

FAILURE: Build failed with an exception.

* What went wrong:
Unable to start the daemon process.
This problem might be caused by incorrect configuration of the daemon.
For example, an unrecognized jvm option is used.
Please refer to the user guide chapter on the daemon at https://docs.gradle.org/4.9/userguide/gradle_daemon.html
Please read the following process output to find out more:
-----------------------

FAILURE: Build failed with an exception.

* What went wrong:
java.lang.ExceptionInInitializerError (no error message)

* Try:
Run with --stacktrace option to get the stack trace. Run with --info or --debug option to get more log output. Run with --scan to get full insights.

* Get more help at https://help.gradle.org


* Try:
Run with --stacktrace option to get the stack trace. Run with --info or --debug option to get more log output. Run with --scan to get full insights.

* Get more help at https://help.gradle.org
